Compilation failed: grader/hw4/ok-fuzzer/004.jpl:3:5: Unknown type name v5L
