Compilation failed: grader/hw4/ok-fuzzer/029.jpl:6:7: Unknown type name bF03_
