Compilation failed: grader/hw2/lexer-tests3/in_comment_167.jpl:1:4: Invalid byte 167
