Compilation failed: grader/hw2/lexer-tests3/print_169.jpl:1:8: Invalid byte 169
