83.030000
-66.180000
752
580
true
false
true
[false]
false
true
false
false
448
false
1
47.120000
[-2542.379031]
54.480000
false
false
true
false
false
false
[abort] mod by zero
Compilation failed: process returned code 1
