Compilation failed: grader/hw5/fail-fuzzer3/009.jpl:18:1007: Attempted to use unary operator ! as binary operator
