Compilation failed: grader/hw5/fail-fuzzer3/011.jpl:4:7: Looking for Identifier but found {
