Compilation failed: grader/hw5/fail-fuzzer3/012.jpl:28:963: Looking for , but found Identifier
