Compilation failed: grader/hw5/ok/105.jpl:1:6: Unknown variable a
