Compilation failed: grader/hw5/ok/120.jpl:1:25: Unknown variable a
