Compilation failed: grader/hw5/ok/122.jpl:1:15: Unknown variable a
