Compilation failed: grader/hw5/ok/139.jpl:1:8: Unknown variable a
