Compilation failed: grader/hw5/ok/20.jpl:1:6: Unknown variable a
