Compilation failed: grader/hw5/ok/26.jpl:1:8: Unknown variable a
