Compilation failed: grader/hw3/fail-fuzzer2/72.jpl:1:0: Unknown command beginning with return
