Compilation failed: grader/hw3/fail-fuzzer3/108.jpl:9:22: Invalid byte 0
