Compilation failed: grader/hw3/fail-fuzzer3/145.jpl:9:5: Invalid byte 127
