Compilation failed: grader/hw3/fail-fuzzer3/184.jpl:14:6: Invalid byte 2
