Compilation failed: grader/hw3/fail-fuzzer3/208.jpl:17:11: Invalid byte 22
