Compilation failed: grader/hw3/fail-fuzzer3/24.jpl:7:1: Invalid byte 27
