Compilation failed: grader/hw3/fail-fuzzer3/281.jpl:20:27: Could not find '"'
