Compilation failed: grader/hw3/fail-fuzzer3/289.jpl:7:3: Invalid byte 127
