Compilation failed: grader/hw3/fail-fuzzer3/71.jpl:16:8: Invalid byte 0
