Compilation failed: grader/hw3/fail-fuzzer3/9.jpl:13:14: Invalid byte 6
