Compilation failed: grader/hw3/fail-fuzzer3/99.jpl:16:21: Could not find '"'
