Compilation failed: grader/hw5/fail-fuzzer1/008.jpl:10:16: Looking for String but found }
