[1.000000, 2.000000]
Compilation succeeded: running the code complete
