[[[[[4.200000]]]]]
Compilation succeeded: running the code complete
