Compilation failed: grader/hw3/fail-fuzzer1/104.jpl:1:8: Integer constant 9223372036854775808 is too large
