Compilation failed: grader/hw3/fail-fuzzer1/72.jpl:1:3: Unknown command beginning with <class 'lexer.String'>
