Compilation failed: grader/hw3/fail-fuzzer1/84.jpl:1:2: Unknown command beginning with image
