Compilation failed: grader/hw3/fail-fuzzer1/86.jpl:1:3: Unknown command beginning with =
