Compilation failed: grader/hw6/fail-fuzzer1/001.jpl:3:8: Conditional must be a bool
