837
837
219
837
-971
837
-971
Compilation succeeded: running the code complete
