11.770000
false
true
442
Compilation succeeded: running the code complete
