45
Compilation succeeded: running the code complete
