Compilation failed: grader/hw3/ok-fuzzer/147.jpl:1:11: Unknown variable HH
