Compilation failed: grader/hw3/ok-fuzzer/172.jpl:1:12: Unknown variable i
