3
true
Compilation succeeded: running the code complete
