Compilation failed: grader/hw3/ok-fuzzer/37.jpl:1:5: Unknown variable w0X_2u_4k
