Compilation failed: grader/hw4/fail-fuzzer1/014.jpl:8:0: Unknown command beginning with false
