Compilation failed: grader/hw4/ok/028.jpl:1:8: Unknown variable a
