Compilation failed: grader/hw4/ok/056.jpl:1:7: Unknown function f in f(a, b, c)
