Compilation failed: grader/hw4/ok/069.jpl:1:9: Unknown type name a
