Compilation failed: grader/hw3/ok/010.jpl:1:12: Unknown variable a877164_____
