Compilation failed: grader/hw2/lexer-tests1/027.jpl:6:3: Binding variables {'z'} twice
