[time] 12.316000ms
Compilation succeeded: running the code complete
