Compilation failed: grader/hw4/fail-fuzzer3/006.jpl:15:6: Unknown expression beginning with <class 'lexer.Newline'>
